%!Adobe-FontList 1.18
%Locale:0x409

%BeginFont
Handler:DirectoryHandler
FontType:Invalid
OutlineFileName:E:\projectFPT\Project1\Font\font-awesome\webfonts\fa-brands-400.eot
FileModTime:1535643744
%EndFont

%BeginFont
Handler:DirectoryHandler
FontType:Invalid
OutlineFileName:E:\projectFPT\Project1\Font\font-awesome\webfonts\fa-brands-400.svg
FileModTime:1535643744
%EndFont

%BeginFont
Handler:DirectoryHandler
FontType:TrueType
FontName:FontAwesome5BrandsRegular
FamilyName:Font Awesome 5 Brands
StyleName:Regular
FullName:Font Awesome 5 Brands Regular
MenuName:Font Awesome 5 Brands
StyleBits:0
WritingScript:Roman
OutlineFileName:E:\projectFPT\Project1\Font\font-awesome\webfonts\fa-brands-400.ttf
DataFormat:sfntData
hasSVG:no
FileLength:114816
FileModTime:1535643744
WeightClass:400
WidthClass:5
AngleClass:0
NameArray:0,Mac,4,Font Awesome 5 Brands Regular
NameArray:0,Win,1,Font Awesome 5 Brands
%EndFont

%BeginFont
Handler:DirectoryHandler
FontType:Invalid
OutlineFileName:E:\projectFPT\Project1\Font\font-awesome\webfonts\fa-brands-400.woff
FileModTime:1535643748
%EndFont

%BeginFont
Handler:DirectoryHandler
FontType:Invalid
OutlineFileName:E:\projectFPT\Project1\Font\font-awesome\webfonts\fa-brands-400.woff2
FileModTime:1535643746
%EndFont

%BeginFont
Handler:DirectoryHandler
FontType:Invalid
OutlineFileName:E:\projectFPT\Project1\Font\font-awesome\webfonts\fa-regular-400.eot
FileModTime:1535643748
%EndFont

%BeginFont
Handler:DirectoryHandler
FontType:Invalid
OutlineFileName:E:\projectFPT\Project1\Font\font-awesome\webfonts\fa-regular-400.svg
FileModTime:1535643748
%EndFont

%BeginFont
Handler:DirectoryHandler
FontType:TrueType
FontName:FontAwesome5FreeRegular
FamilyName:Font Awesome 5 Free
StyleName:Regular
FullName:Font Awesome 5 Free Regular
MenuName:Font Awesome 5 Free
StyleBits:0
WritingScript:Roman
OutlineFileName:E:\projectFPT\Project1\Font\font-awesome\webfonts\fa-regular-400.ttf
DataFormat:sfntData
hasSVG:no
FileLength:40516
FileModTime:1535643748
WeightClass:400
WidthClass:5
AngleClass:0
NameArray:0,Mac,4,Font Awesome 5 Free Regular
NameArray:0,Win,1,Font Awesome 5 Free
%EndFont

%BeginFont
Handler:DirectoryHandler
FontType:Invalid
OutlineFileName:E:\projectFPT\Project1\Font\font-awesome\webfonts\fa-regular-400.woff
FileModTime:1535643748
%EndFont

%BeginFont
Handler:DirectoryHandler
FontType:Invalid
OutlineFileName:E:\projectFPT\Project1\Font\font-awesome\webfonts\fa-regular-400.woff2
FileModTime:1535643748
%EndFont

%BeginFont
Handler:DirectoryHandler
FontType:Invalid
OutlineFileName:E:\projectFPT\Project1\Font\font-awesome\webfonts\fa-solid-900.eot
FileModTime:1535643746
%EndFont

%BeginFont
Handler:DirectoryHandler
FontType:Invalid
OutlineFileName:E:\projectFPT\Project1\Font\font-awesome\webfonts\fa-solid-900.svg
FileModTime:1535643748
%EndFont

%BeginFont
Handler:DirectoryHandler
FontType:TrueType
FontName:FontAwesome5FreeSolid
FamilyName:Font Awesome 5 Free
StyleName:Solid
FullName:Font Awesome 5 Free Solid
MenuName:Font Awesome 5 Free
StyleBits:0
WritingScript:Roman
OutlineFileName:E:\projectFPT\Project1\Font\font-awesome\webfonts\fa-solid-900.ttf
DataFormat:sfntData
hasSVG:no
FileLength:160548
FileModTime:1535643748
WeightClass:400
WidthClass:5
AngleClass:0
NameArray:0,Mac,4,Font Awesome 5 Free Solid
NameArray:0,Win,1,Font Awesome 5 Free
%EndFont

%BeginFont
Handler:DirectoryHandler
FontType:Invalid
OutlineFileName:E:\projectFPT\Project1\Font\font-awesome\webfonts\fa-solid-900.woff
FileModTime:1535643748
%EndFont

%BeginFont
Handler:DirectoryHandler
FontType:Invalid
OutlineFileName:E:\projectFPT\Project1\Font\font-awesome\webfonts\fa-solid-900.woff2
FileModTime:1535643750
%EndFont

%BeginFont
Handler:DirectoryHandler
FontType:Invalid
OutlineFileName:E:\projectFPT\Project1\Font\font-awesome\css\all.css
FileModTime:1535643742
%EndFont

%BeginFont
Handler:DirectoryHandler
FontType:Invalid
OutlineFileName:E:\projectFPT\Project1\Font\font-awesome\css\brands.css
FileModTime:1535643744
%EndFont

%BeginFont
Handler:DirectoryHandler
FontType:Invalid
OutlineFileName:E:\projectFPT\Project1\Font\font-awesome\css\fontawesome.css
FileModTime:1535643744
%EndFont

%BeginFont
Handler:DirectoryHandler
FontType:Invalid
OutlineFileName:E:\projectFPT\Project1\Font\font-awesome\css\regular.css
FileModTime:1535643744
%EndFont

%BeginFont
Handler:DirectoryHandler
FontType:Invalid
OutlineFileName:E:\projectFPT\Project1\Font\font-awesome\css\solid.css
FileModTime:1535643742
%EndFont

%BeginFont
Handler:DirectoryHandler
FontType:Invalid
OutlineFileName:E:\projectFPT\Project1\Font\font-awesome\css\svg-with-js.css
FileModTime:1535643742
%EndFont

%BeginFont
Handler:DirectoryHandler
FontType:Invalid
OutlineFileName:E:\projectFPT\Project1\Font\font-awesome\css\v4-shims.css
FileModTime:1535643742
%EndFont

%BeginFont
Handler:DirectoryHandler
FontType:Invalid
OutlineFileName:E:\projectFPT\Project1\Font\font-awesome\css\v4-shims.min.css
FileModTime:1535643744
%EndFont

